// Jest Snapshot v1, https://goo.gl/fbAQLP

exports[`Calendar renders correctly 1`] = `
<div
  className="sc-gzVnrw dStQk"
>
  <span
    className="sc-bZQynM gxEjMp"
  >
    <span
      className="lastMonth sc-htpNat kwiLFa"
      onClick={[Function]}
    >
      &lt;
    </span>
    <span
      className="calTitleSpan sc-bxivhb jXJJxg"
    >
      April
       
      2019
    </span>
    <span
      className="nextMonth sc-htpNat kwiLFa"
      onClick={[Function]}
    >
      &gt;
    </span>
  </span>
  <table
    className="sc-EHOje hhiHiM"
  >
    <tbody>
      <tr>
        <th
          className="sc-ifAKCX cQiRZG"
        >
          Su
        </th>
        <th
          className="sc-ifAKCX cQiRZG"
        >
          Mo
        </th>
        <th
          className="sc-ifAKCX cQiRZG"
        >
          Tu
        </th>
        <th
          className="sc-ifAKCX cQiRZG"
        >
          We
        </th>
        <th
          className="sc-ifAKCX cQiRZG"
        >
          Th
        </th>
        <th
          className="sc-ifAKCX cQiRZG"
        >
          Fr
        </th>
        <th
          className="sc-ifAKCX cQiRZG"
        >
          Sa
        </th>
      </tr>
      <tr>
        <td />
        <td
          className="sc-bwzfXH cDziqG"
        >
          <div
            className="a-date sc-bdVaJa iUxxxf"
            onClick={[Function]}
          >
            1
          </div>
        </td>
        <td
          className="sc-bwzfXH cDziqG"
        >
          <div
            className="a-date sc-bdVaJa iUxxxf"
            onClick={[Function]}
          >
            2
          </div>
        </td>
        <td
          className="sc-bwzfXH cDziqG"
        >
          <div
            className="a-date sc-bdVaJa iUxxxf"
            onClick={[Function]}
          >
            3
          </div>
        </td>
        <td
          className="sc-bwzfXH cDziqG"
        >
          <div
            className="a-date sc-bdVaJa iUxxxf"
            onClick={[Function]}
          >
            4
          </div>
        </td>
        <td
          className="sc-bwzfXH cDziqG"
        >
          <div
            className="a-date sc-bdVaJa iUxxxf"
            onClick={[Function]}
          >
            5
          </div>
        </td>
        <td
          className="sc-bwzfXH cDziqG"
        >
          <div
            className="a-date sc-bdVaJa iUxxxf"
            onClick={[Function]}
          >
            6
          </div>
        </td>
      </tr>
      <tr>
        <td
          className="sc-bwzfXH cDziqG"
        >
          <div
            className="a-date sc-bdVaJa iUxxxf"
            onClick={[Function]}
          >
            7
          </div>
        </td>
        <td
          className="sc-bwzfXH cDziqG"
        >
          <div
            className="a-date sc-bdVaJa iUxxxf"
            onClick={[Function]}
          >
            8
          </div>
        </td>
        <td
          className="sc-bwzfXH cDziqG"
        >
          <div
            className="a-date sc-bdVaJa iUxxxf"
            onClick={[Function]}
          >
            9
          </div>
        </td>
        <td
          className="sc-bwzfXH cDziqG"
        >
          <div
            className="a-date sc-bdVaJa iUxxxf"
            onClick={[Function]}
          >
            10
          </div>
        </td>
        <td
          className="sc-bwzfXH cDziqG"
        >
          <div
            className="a-date sc-bdVaJa iUxxxf"
            onClick={[Function]}
          >
            11
          </div>
        </td>
        <td
          className="sc-bwzfXH cDziqG"
        >
          <div
            className="a-date sc-bdVaJa iUxxxf"
            onClick={[Function]}
          >
            12
          </div>
        </td>
        <td
          className="sc-bwzfXH cDziqG"
        >
          <div
            className="a-date sc-bdVaJa iUxxxf"
            onClick={[Function]}
          >
            13
          </div>
        </td>
      </tr>
      <tr>
        <td
          className="sc-bwzfXH cDziqG"
        >
          <div
            className="a-date sc-bdVaJa iUxxxf"
            onClick={[Function]}
          >
            14
          </div>
        </td>
        <td
          className="sc-bwzfXH cDziqG"
        >
          <div
            className="a-date sc-bdVaJa iUxxxf"
            onClick={[Function]}
          >
            15
          </div>
        </td>
        <td
          className="sc-bwzfXH cDziqG"
        >
          <div
            className="a-date sc-bdVaJa iUxxxf"
            onClick={[Function]}
          >
            16
          </div>
        </td>
        <td
          className="sc-bwzfXH cDziqG"
        >
          <div
            className="a-date sc-bdVaJa iUxxxf"
            onClick={[Function]}
          >
            17
          </div>
        </td>
        <td
          className="sc-bwzfXH cDziqG"
        >
          <div
            className="a-date sc-bdVaJa iUxxxf"
            onClick={[Function]}
          >
            18
          </div>
        </td>
        <td
          className="sc-bwzfXH cDziqG"
        >
          <div
            className="a-date sc-bdVaJa iUxxxf"
            onClick={[Function]}
          >
            19
          </div>
        </td>
        <td
          className="sc-bwzfXH cDziqG"
        >
          <div
            className="a-date sc-bdVaJa iUxxxf"
            onClick={[Function]}
          >
            20
          </div>
        </td>
      </tr>
      <tr>
        <td
          className="sc-bwzfXH cDziqG"
        >
          <div
            className="a-date sc-bdVaJa iUxxxf"
            onClick={[Function]}
          >
            21
          </div>
        </td> 
        <td
          className="sc-bwzfXH cDziqG"
        >
          <div
            className="a-date sc-bdVaJa iUxxxf"
            onClick={[Function]}
          >
            22
          </div>
        </td>
        <td
          className="sc-bwzfXH cDziqG"
        >
          <div
            className="a-date sc-bdVaJa iUxxxf"
            onClick={[Function]}
          >
            23
          </div>
        </td>
        <td
          className="sc-bwzfXH cDziqG"
        >
          <div
            className="a-date sc-bdVaJa iUxxxf"
            onClick={[Function]}
          >
            24
          </div>
        </td>
        <td
          className="sc-bwzfXH cDziqG"
        >
          <div
            className="a-date sc-bdVaJa iUxxxf"
            onClick={[Function]}
          >
            25
          </div>
        </td>
        <td
          className="sc-bwzfXH cDziqG"
        >
          <div
            className="a-date sc-bdVaJa iUxxxf"
            onClick={[Function]}
          >
            26
          </div>
        </td>
        <td
          className="sc-bwzfXH cDziqG"
        >
          <div
            className="a-date sc-bdVaJa iUxxxf"
            onClick={[Function]}
          >
            27
          </div>
        </td>
      </tr>
      <tr>
        <td
          className="sc-bwzfXH cDziqG"
        >
          <div
            className="a-date sc-bdVaJa iUxxxf"
            onClick={[Function]}
          >
            28
          </div>
        </td>
        <td
          className="sc-bwzfXH cDziqG"
        >
          <div
            className="a-date sc-bdVaJa iUxxxf"
            onClick={[Function]}
          >
            29
          </div>
        </td>
        <td
          className="sc-bwzfXH cDziqG"
        >
          <div
            className="a-date sc-bdVaJa iUxxxf"
            onClick={[Function]}
          >
            30
          </div>
        </td>
        <td />
        <td />
        <td />
        <td />
      </tr>
    </tbody>
  </table>
</div>
`;
