// Jest Snapshot v1, https://goo.gl/fbAQLP

exports[`renders correctly 1`] = `
<div
  className="sc-gzVnrw dStQk"
>
  <span
    className="sc-bZQynM gxEjMp"
  >
    <span
      className="sc-htpNat kwiLFa"
      onClick={[Function]}
    >
      &lt;
    </span>
    <span
      className="sc-bxivhb jXJJxg"
    >
      April
      2019
    </span>
    <span
      className="sc-htpNat kwiLFa"
      onClick={[Function]}
    >
      &gt;
    </span>
  </span>
  <table
    className="sc-EHOje hhiHiM"
  >
    <tr>
      <th
        className="sc-ifAKCX cQiRZG"
      >
        Su
      </th>
      <th
        className="sc-ifAKCX cQiRZG"
      >
        Mo
      </th>
      <th
        className="sc-ifAKCX cQiRZG"
      >
        Tu
      </th>
      <th
        className="sc-ifAKCX cQiRZG"
      >
        We
      </th>
      <th
        className="sc-ifAKCX cQiRZG"
      >
        Th
      </th>
      <th
        className="sc-ifAKCX cQiRZG"
      >
        Fr
      </th>
      <th
        className="sc-ifAKCX cQiRZG"
      >
        Sa
      </th>
    </tr>
    <tr>
      <td />
      <td
        className="sc-bwzfXH cDziqG"
      >
        <div
          className="sc-bdVaJa iUxxxf"
          onFocus={[Function]}
          onMouseOver={[Function]}
        >
          1
        </div>
      </td>
      <td
        className="sc-bwzfXH cDziqG"
      >
        <div
          className="sc-bdVaJa iUxxxf"
          onFocus={[Function]}
          onMouseOver={[Function]}
        >
          2
        </div>
      </td>
      <td
        className="sc-bwzfXH cDziqG"
      >
        <div
          className="sc-bdVaJa iUxxxf"
          onFocus={[Function]}
          onMouseOver={[Function]}
        >
          3
        </div>
      </td>
      <td
        className="sc-bwzfXH cDziqG"
      >
        <div
          className="sc-bdVaJa iUxxxf"
          onFocus={[Function]}
          onMouseOver={[Function]}
        >
          4
        </div>
      </td>
      <td
        className="sc-bwzfXH cDziqG"
      >
        <div
          className="sc-bdVaJa iUxxxf"
          onFocus={[Function]}
          onMouseOver={[Function]}
        >
          5
        </div>
      </td>
      <td
        className="sc-bwzfXH cDziqG"
      >
        <div
          className="sc-bdVaJa iUxxxf"
          onFocus={[Function]}
          onMouseOver={[Function]}
        >
          6
        </div>
      </td>
    </tr>
    <tr>
      <td
        className="sc-bwzfXH cDziqG"
      >
        <div
          className="sc-bdVaJa iUxxxf"
          onFocus={[Function]}
          onMouseOver={[Function]}
        >
          7
        </div>
      </td>
      <td
        className="sc-bwzfXH cDziqG"
      >
        <div
          className="sc-bdVaJa iUxxxf"
          onFocus={[Function]}
          onMouseOver={[Function]}
        >
          8
        </div>
      </td>
      <td
        className="sc-bwzfXH cDziqG"
      >
        <div
          className="sc-bdVaJa iUxxxf"
          onFocus={[Function]}
          onMouseOver={[Function]}
        >
          9
        </div>
      </td>
      <td
        className="sc-bwzfXH cDziqG"
      >
        <div
          className="sc-bdVaJa iUxxxf"
          onFocus={[Function]}
          onMouseOver={[Function]}
        >
          10
        </div>
      </td>
      <td
        className="sc-bwzfXH cDziqG"
      >
        <div
          className="sc-bdVaJa iUxxxf"
          onFocus={[Function]}
          onMouseOver={[Function]}
        >
          11
        </div>
      </td>
      <td
        className="sc-bwzfXH cDziqG"
      >
        <div
          className="sc-bdVaJa iUxxxf"
          onFocus={[Function]}
          onMouseOver={[Function]}
        >
          12
        </div>
      </td>
      <td
        className="sc-bwzfXH cDziqG"
      >
        <div
          className="sc-bdVaJa iUxxxf"
          onFocus={[Function]}
          onMouseOver={[Function]}
        >
          13
        </div>
      </td>
    </tr>
    <tr>
      <td
        className="sc-bwzfXH cDziqG"
      >
        <div
          className="sc-bdVaJa iUxxxf"
          onFocus={[Function]}
          onMouseOver={[Function]}
        >
          14
        </div>
      </td>
      <td
        className="sc-bwzfXH cDziqG"
      >
        <div
          className="sc-bdVaJa iUxxxf"
          onFocus={[Function]}
          onMouseOver={[Function]}
        >
          15
        </div>
      </td>
      <td
        className="sc-bwzfXH cDziqG"
      >
        <div
          className="sc-bdVaJa iUxxxf"
          onFocus={[Function]}
          onMouseOver={[Function]}
        >
          16
        </div>
      </td>
      <td
        className="sc-bwzfXH cDziqG"
      >
        <div
          className="sc-bdVaJa iUxxxf"
          onFocus={[Function]}
          onMouseOver={[Function]}
        >
          17
        </div>
      </td>
      <td
        className="sc-bwzfXH cDziqG"
      >
        <div
          className="sc-bdVaJa iUxxxf"
          onFocus={[Function]}
          onMouseOver={[Function]}
        >
          18
        </div>
      </td>
      <td
        className="sc-bwzfXH cDziqG"
      >
        <div
          className="sc-bdVaJa iUxxxf"
          onFocus={[Function]}
          onMouseOver={[Function]}
        >
          19
        </div>
      </td>
      <td
        className="sc-bwzfXH cDziqG"
      >
        <div
          className="sc-bdVaJa iUxxxf"
          onFocus={[Function]}
          onMouseOver={[Function]}
        >
          20
        </div>
      </td>
    </tr>
    <tr>
      <td
        className="sc-bwzfXH cDziqG"
      >
        <div
          className="sc-bdVaJa iUxxxf"
          onFocus={[Function]}
          onMouseOver={[Function]}
        >
          21
        </div>
      </td>
      <td
        className="sc-bwzfXH cDziqG"
      >
        <div
          className="sc-bdVaJa iUxxxf"
          onFocus={[Function]}
          onMouseOver={[Function]}
        >
          22
        </div>
      </td>
      <td
        className="sc-bwzfXH cDziqG"
      >
        <div
          className="sc-bdVaJa iUxxxf"
          onFocus={[Function]}
          onMouseOver={[Function]}
        >
          23
        </div>
      </td>
      <td
        className="sc-bwzfXH cDziqG"
      >
        <div
          className="sc-bdVaJa iUxxxf"
          onFocus={[Function]}
          onMouseOver={[Function]}
        >
          24
        </div>
      </td>
      <td
        className="sc-bwzfXH cDziqG"
      >
        <div
          className="sc-bdVaJa iUxxxf"
          onFocus={[Function]}
          onMouseOver={[Function]}
        >
          25
        </div>
      </td>
      <td
        className="sc-bwzfXH cDziqG"
      >
        <div
          className="sc-bdVaJa iUxxxf"
          onFocus={[Function]}
          onMouseOver={[Function]}
        >
          26
        </div>
      </td>
      <td
        className="sc-bwzfXH cDziqG"
      >
        <div
          className="sc-bdVaJa iUxxxf"
          onFocus={[Function]}
          onMouseOver={[Function]}
        >
          27
        </div>
      </td>
    </tr>
    <tr>
      <td
        className="sc-bwzfXH cDziqG"
      >
        <div
          className="sc-bdVaJa iUxxxf"
          onFocus={[Function]}
          onMouseOver={[Function]}
        >
          28
        </div>
      </td>
      <td
        className="sc-bwzfXH cDziqG"
      >
        <div
          className="sc-bdVaJa iUxxxf"
          onFocus={[Function]}
          onMouseOver={[Function]}
        >
          29
        </div>
      </td>
      <td
        className="sc-bwzfXH cDziqG"
      >
        <div
          className="sc-bdVaJa iUxxxf"
          onFocus={[Function]}
          onMouseOver={[Function]}
        >
          30
        </div>
      </td>
      <td />
      <td />
      <td />
      <td />
    </tr>
  </table>
</div>
`;
